2026-09-14 16:46:34,241 | medpipe.orchestrator | INFO | orchestrator:172 | Initialised MedpipeOrchestrator. Run directory: artifacts/ordboost/v1
2026-09-14 16:46:36,627 | medpipe.orchestrator | INFO | orchestrator:257 | Reproducibility artifacts saved successfully.
2026-09-14 16:46:36,628 | medpipe | INFO | pipeline:738 | MedpipeRegressor initialisation complete.
2026-09-14 16:46:36,628 | medpipe | INFO | pipeline:1026 | Executing full MedpipeRegressor pipeline end-to-end.
2026-09-14 16:46:36,628 | medpipe | DEBUG | pipeline:1030 | Executing full MedpipeRegressor pipeline in fast mode.
2026-09-14 16:46:36,628 | medpipe | INFO | pipeline:1038 | Step 1/3: Ingesting and splitting dataset.
2026-09-14 16:46:36,633 | medpipe.orchestrator | INFO | orchestrator:459 | Ingesting data from /pvol/mroe734/data/NZ_data.v2.parquet
2026-09-14 16:46:41,336 | medpipe.orchestrator | DEBUG | orchestrator:467 | Loaded data shape: (2585589, 95)
2026-09-14 16:46:42,429 | medpipe.orchestrator | INFO | orchestrator:506 | Filtered dataset from 95 down to 13 required columns.
2026-09-14 16:46:42,432 | medpipe.orchestrator | DEBUG | orchestrator:510 | Filtered data shape: (2585589, 13)
2026-09-14 16:46:43,176 | medpipe.orchestrator | INFO | orchestrator:356 | Data successfully split into Train (2,238,312), and Test (347,277) sets.
2026-09-14 16:46:43,176 | medpipe.orchestrator | DEBUG | orchestrator:360 | Train set initial shape: (2238312, 12)
2026-09-14 16:46:43,176 | medpipe.orchestrator | DEBUG | orchestrator:361 | Test set initial shape: (347277, 12)
2026-09-14 16:46:43,265 | medpipe.orchestrator | INFO | orchestrator:389 | Removed ['OP_YEAR'] from data.
2026-09-14 16:46:43,265 | medpipe.orchestrator | DEBUG | orchestrator:392 | Train set final shape: (2238312, 11)
2026-09-14 16:46:43,266 | medpipe.orchestrator | DEBUG | orchestrator:393 | Test set final shape: (347277, 11)
2026-09-14 16:46:43,313 | medpipe | INFO | pipeline:1044 | Step 2/3: Fitting outcome models.
2026-09-14 16:46:43,313 | medpipe | INFO | pipeline:854 | Starting model fitting across configured target outcomes.
2026-09-14 16:46:43,313 | medpipe.runner | DEBUG | runner:531 | Starting fitting of 1 models.
2026-09-14 16:46:43,314 | medpipe.runner | INFO | runner:436 | --- Starting execution for outcome: DAOH_90 ---
2026-09-14 16:46:43,314 | medpipe.orchestrator | INFO | orchestrator:665 | Constructing preprocessing pipeline.
2026-09-14 16:46:43,314 | medpipe.orchestrator | DEBUG | orchestrator:681 | Creating operation 1: name='OrdinalEncoder' columns=['SEX', 'ETHNICITY', 'ADMISSION_ACUITY', 'ADMISSION_SOURCE', 'CATEGORY_LEVEL_1', 'CATEGORY_LEVEL_2', 'ASA', 'OP_SEVERITY', 'PRIOR_CANCER', 'TRAUMA'] on columns ['SEX', 'ETHNICITY', 'ADMISSION_ACUITY', 'ADMISSION_SOURCE', 'CATEGORY_LEVEL_1', 'CATEGORY_LEVEL_2', 'ASA', 'OP_SEVERITY', 'PRIOR_CANCER', 'TRAUMA']
2026-09-14 16:46:43,314 | medpipe.runner | INFO | runner:103 | Estimator OrdBoostRegressor successfully instantiated
2026-09-14 16:46:43,314 | medpipe.runner | DEBUG | runner:106 | Estimator instantiated with parameters {'learning_rate': 0.1, 'bin_edges': [1, 31, 61, 71, 76, 80, 86, 88], 'mapper': 'quantile', 'loss': 'log_loss', 'max_iter': 100, 'max_leaf_nodes': 512, 'min_samples_leaf': 512, 'mapper_kwargs': {'quantiles': [0.1, 0.25, 0.5, 0.75, 0.9], 'floor_atom': True, 'ceiling_atom': True, 'lower_bound': 0, 'upper_bound': 89}}
2026-09-14 16:46:43,314 | medpipe.runner | DEBUG | runner:483 | [DAOH_90] Fitting without any CV
2026-09-14 16:48:20,783 | medpipe.runner | INFO | runner:159 | [DAOH_90] Model saved to artifacts/ordboost/v1/models/DAOH_90_model.joblib
2026-09-14 16:48:20,783 | medpipe.runner | INFO | runner:497 | --- Finished execution for outcome: DAOH_90 ---
2026-09-14 16:48:20,783 | medpipe.runner | DEBUG | runner:555 | [DAOH_90] Fitting completed in 97.47 seconds.
2026-09-14 16:48:22,387 | medpipe.runner | INFO | runner:173 | Fitted final models saved to artifacts/ordboost/v1/models/DAOH_fitted.joblib
2026-09-14 16:48:22,387 | medpipe | INFO | pipeline:862 | Completed model fitting for all target outcomes.
2026-09-14 16:48:22,387 | medpipe | DEBUG | pipeline:1054 | Model fitting completed in 99.07 seconds.
2026-09-14 16:48:22,387 | medpipe | INFO | pipeline:1057 | Step 3/3: Evaluating models on holdout test set.
2026-09-14 16:48:22,388 | medpipe.evaluator | INFO | evaluator:397 | --- Starting model evaluation for outcome: DAOH_90 ---
2026-09-14 16:48:43,686 | medpipe.evaluator | INFO | evaluator:408 | [DAOH_90] Computing overall metrics with 1000 bootstrap iterations (CI=0.95).
2026-09-14 16:50:58,959 | medpipe.evaluator | INFO | evaluator:505 | [DAOH_90] Successfully saved evaluation artifacts to artifacts/ordboost/v1/results/DAOH_90_evaluation_results.json.
2026-09-14 16:50:58,959 | medpipe.evaluator | INFO | evaluator:472 | --- Finished model evaluation for outcome: DAOH_90 ---
2026-09-14 16:50:58,960 | medpipe | DEBUG | pipeline:1078 | Full pipeline run completed in 262.33 seconds.
2026-09-14 16:50:58,960 | medpipe | INFO | pipeline:1081 | Full MedpipeRegressor pipeline execution finished successfully.
